--------------------------------- INSTALL MAP ---------------------------------
LANGUAGE:DK
DATE:2020-03-16
TIME: 8:35:18
DIR:c:\comal\
DIR:c:\comal\modules\
DIR:c:\comal\vga\
DIR:c:\comal\hercules\
DIR:c:\comal\supp\
DIR:c:\comal\windows\
DIR:c:\comal\scom\
DIR:c:\comal\btrv\
DIR:c:\comal\btrvdemo\
DIR:c:\comal\asm\
DIR:c:\comal\c\
DIR:c:\comal\dll\
FILE:\install.exe TO:\comal\install.exe
FILE:\comaldk.pro TO:\comal\comal.pro
FILE:\comaldk.msg TO:\comal\comaldk.msg
FILE:\comalgr.msg TO:\comal\comalgr.msg
FILE:\comalus.msg TO:\comal\comalus.msg
FILE:\comalsv.msg TO:\comal\comalsv.msg
FILE:\comal.exe TO:\comal\comal.exe
EDIT:c:\comal\comal.exe
FILE:\comal87.exe TO:\comal\comal87.exe
EDIT:c:\comal\comal87.exe
FILE:\comal.rme TO:\comal\comal.rme
FILE:\graphh.rme TO:\comal\modules\graphh.rme
FILE:\graphh.exe TO:\comal\modules\graphh.exe
DISK:DISK2
FILE:\turth.exe TO:\comal\modules\turth.exe
FILE:\graphh87.exe TO:\comal\modules\graphh87.exe
FILE:\turth87.exe TO:\comal\modules\turth87.exe
FILE:\graphics.exe TO:\comal\modules\graphics.exe
FILE:\turtle.exe TO:\comal\modules\turtle.exe
FILE:\graphi87.exe TO:\comal\modules\graphi87.exe
FILE:\turtle87.exe TO:\comal\modules\turtle87.exe
FILE:\graphidk.txt TO:\comal\dk\graphidk.txt
FILE:\graphigr.txt TO:\comal\gr\graphigr.txt
FILE:\graphisv.txt TO:\comal\sv\graphisv.txt
FILE:\graphius.txt TO:\comal\us\graphius.txt
FILE:\graphidk.msg TO:\comal\modules\graphidk.msg
FILE:\turtledk.msg TO:\comal\modules\turtledk.msg
FILE:\graphigr.msg TO:\comal\modules\graphigr.msg
FILE:\turtlegr.msg TO:\comal\modules\turtlegr.msg
FILE:\graphisv.msg TO:\comal\modules\graphisv.msg
FILE:\turtlesv.msg TO:\comal\modules\turtlesv.msg
FILE:\graphius.msg TO:\comal\modules\graphius.msg
FILE:\turtleus.msg TO:\comal\modules\turtleus.msg
FILE:\pro311.pr1 TO:\comal\makepro.pr1
FILE:\makepro.hlp TO:\comal\makepro.hlp
FILE:\init.cml TO:\comal\init.cml
FILE:\system.exe TO:\comal\modules\system.exe
FILE:\comal.ico TO:\comal\comal.ico
FILE:\comal.pif TO:\comal\comal.pif
FILE:\comal87.ico TO:\comal\comal87.ico
FILE:\comal87.pif TO:\comal\comal87.pif
FILE:\sound.exe TO:\comal\modules\sound.exe
FILE:\3dgr-eng.her TO:\comal\hercules\3dgr-eng.cml
FILE:\arc.her TO:\comal\hercules\arc.cml
FILE:\bear.her TO:\comal\hercules\bear.cml
FILE:\bounce.her TO:\comal\hercules\bounce.cml
FILE:\business.her TO:\comal\hercules\business.cml
FILE:\paint.her TO:\comal\hercules\paint.cml
FILE:\polygon.her TO:\comal\hercules\polygon.cml
FILE:\regr-eng.her TO:\comal\hercules\regr-eng.cml
FILE:\tree_hg.her TO:\comal\hercules\tree_hg.cml
FILE:\arc.cml TO:\comal\vga\arc.cml
FILE:\bear.cml TO:\comal\vga\bear.cml
FILE:\bounce.cml TO:\comal\vga\bounce.cml
FILE:\business.cml TO:\comal\vga\business.cml
FILE:\paint.cml TO:\comal\vga\paint.cml
FILE:\polygon.cml TO:\comal\vga\polygon.cml
FILE:\bear_vga.cml TO:\comal\vga\bear_vga.cml
FILE:\tree_cga.cml TO:\comal\vga\tree_cga.cml
FILE:\polynew.cml TO:\comal\supp\polynew.cml
FILE:\treefig.cml TO:\comal\supp\treefig.cml
FILE:\rgb.cml TO:\comal\supp\rgb.cml
FILE:\polygon2.cml TO:\comal\supp\polygon2.cml
FILE:\cmy.cml TO:\comal\supp\cmy.cml
FILE:\colors.cml TO:\comal\supp\colors.cml
FILE:\box.cml TO:\comal\supp\box.cml
FILE:\hls.cml TO:\comal\supp\hls.cml
FILE:\scales.cml TO:\comal\supp\scales.cml
FILE:\sound.cml TO:\comal\supp\sound.cml
FILE:\acker.cml TO:\comal\supp\acker.cml
FILE:\calendar.cml TO:\comal\supp\calendar.cml
FILE:\calext.cml TO:\comal\supp\calext.cml
FILE:\calmod1.mod TO:\comal\supp\calmod1.mod
FILE:\calmod2.mod TO:\comal\supp\calmod2.mod
FILE:\complex.cml TO:\comal\supp\complex.cml
FILE:\complex2.cml TO:\comal\supp\complex2.cml
FILE:\diff.cml TO:\comal\supp\diff.cml
FILE:\diff$.fnc TO:\comal\supp\diff$.fnc
FILE:\diffext.cml TO:\comal\supp\diffext.cml
FILE:\eval.cml TO:\comal\supp\eval.cml
FILE:\eval2.cml TO:\comal\supp\eval2.cml
FILE:\find.cml TO:\comal\supp\find.cml
FILE:\frac.str TO:\comal\supp\frac.str
FILE:\fracext.cml TO:\comal\supp\fracext.cml
FILE:\fracs.cml TO:\comal\supp\fracs.cml
FILE:\fraction.cml TO:\comal\supp\fraction.cml
FILE:\gauss.cml TO:\comal\supp\gauss.cml
FILE:\hanoi.cml TO:\comal\supp\hanoi.cml
FILE:\input.cml TO:\comal\supp\input.cml
FILE:\life.cml TO:\comal\supp\life.cml
FILE:\list.cml TO:\comal\supp\list.cml
FILE:\mandel.cml TO:\comal\supp\mandel.cml
FILE:\mandel.rme TO:\comal\supp\mandel.rme
FILE:\mandel.mod TO:\comal\modules\mandel.mod
FILE:\mandel87.exe TO:\comal\modules\mandel87.exe
FILE:\permute.cml TO:\comal\supp\permute.cml
FILE:\prim.cml TO:\comal\supp\prim.cml
FILE:\primes.cml TO:\comal\supp\primes.cml
FILE:\queue.cml TO:\comal\supp\queue.cml
FILE:\quick.cml TO:\comal\supp\quick.cml
FILE:\radix.cml TO:\comal\supp\radix.cml
FILE:\sieve.cml TO:\comal\supp\sieve.cml
FILE:\struc.cml TO:\comal\supp\struc.cml
FILE:\subtree.cml TO:\comal\supp\subtree.cml
FILE:\timer2.cml TO:\comal\supp\timer2.cml
FILE:\timer3.cml TO:\comal\supp\timer3.cml
FILE:\timers.dll TO:\comal\dll\timers.dll
FILE:\timers.exe TO:\comal\modules\timers.exe
FILE:\timers.rme TO:\comal\supp\timers.rme
FILE:\tree.cml TO:\comal\supp\tree.cml
FILE:\xref.lst TO:\comal\supp\xref.lst
FILE:\varsize.cml TO:\comal\supp\varsize.cml
FILE:\xref.cml TO:\comal\supp\xref.cml
FILE:\comaldk.txt TO:\comal\dk\comaldk.txt
FILE:\comalgr.txt TO:\comal\gr\comalgr.txt
FILE:\comalsv.txt TO:\comal\sv\comalsv.txt
FILE:\comalus.txt TO:\comal\us\comalus.txt
FILE:\genmsg.exe TO:\comal\genmsg.exe
DISK:DISK3
FILE:\genmsg.rme TO:\comal\genmsg.rme
FILE:\unidump.exe TO:\comal\modules\unidump.exe
FILE:\unimouse.exe TO:\comal\modules\unimouse.exe
FILE:\unimoudk.txt TO:\comal\dk\unimoudk.txt
FILE:\unimougr.txt TO:\comal\gr\unimougr.txt
FILE:\unimousv.txt TO:\comal\sv\unimousv.txt
FILE:\unimouus.txt TO:\comal\us\unimouus.txt
FILE:\unimoudk.msg TO:\comal\modules\unimoudk.msg
FILE:\unimougr.msg TO:\comal\modules\unimougr.msg
FILE:\unimousv.msg TO:\comal\modules\unimousv.msg
FILE:\unimouus.msg TO:\comal\modules\unimouus.msg
FILE:\mouse1.cml TO:\comal\supp\mouse1.cml
FILE:\mouse2.cml TO:\comal\supp\mouse2.cml
FILE:\mouse3.cml TO:\comal\supp\mouse3.cml
FILE:\mouse4.cml TO:\comal\supp\mouse4.cml
FILE:\mouse5.cml TO:\comal\supp\mouse5.cml
FILE:\mouse6.cml TO:\comal\supp\mouse6.cml
FILE:\mouse7.cml TO:\comal\supp\mouse7.cml
FILE:\mouse8.cml TO:\comal\supp\mouse8.cml
FILE:\mouse9.cml TO:\comal\supp\mouse9.cml
FILE:\mouse10.cml TO:\comal\supp\mouse10.cml
FILE:\mouse11.cml TO:\comal\supp\mouse11.cml
FILE:\unitimer.exe TO:\comal\modules\unitimer.exe
FILE:\unitimer.exe TO:\comal\asm\unitimer.exe
FILE:\timer1.cml TO:\comal\supp\timer1.cml
FILE:\arg.lst TO:\comal\supp\arg.lst
FILE:\cfind.arf TO:\comal\supp\cfind.arf
FILE:\cfind.cml TO:\comal\supp\cfind.cml
FILE:\comal.run TO:\comal\comal.run
FILE:\comal87.run TO:\comal\comal87.run
FILE:\comalc.exe TO:\comal\comalc.exe
EDIT:c:\comal\comalc.exe
FILE:\comc.exe TO:\comal\modules\comc.exe
FILE:\comc.cml TO:\comal\supp\comc.cml
FILE:\comalc.rme TO:\comal\comalc.rme
FILE:\comrun.ovr TO:\comal\comrun.ovr
FILE:\comrun87.ovr TO:\comal\comrun87.ovr
FILE:\makearf.exe TO:\comal\makearf.exe
DISK:DISK4
FILE:\protect.exe TO:\comal\protect.exe
FILE:\rundk.txt TO:\comal\dk\rundk.txt
FILE:\rungr.txt TO:\comal\gr\rungr.txt
FILE:\runsv.txt TO:\comal\sv\runsv.txt
FILE:\runus.txt TO:\comal\us\runus.txt
FILE:\rundk.msg TO:\comal\rundk.msg
FILE:\rungr.msg TO:\comal\rungr.msg
FILE:\runsv.msg TO:\comal\runsv.msg
FILE:\runus.msg TO:\comal\runus.msg
FILE:\windows.mod TO:\comal\modules\windows.mod
FILE:\windowdk.msg TO:\comal\modules\windowdk.msg
FILE:\windowus.msg TO:\comal\modules\windowus.msg
FILE:\windowdk.txt TO:\comal\dk\windowdk.txt
FILE:\windowus.txt TO:\comal\us\windowus.txt
FILE:\windowus.txt TO:\comal\sv\windowus.txt
FILE:\windowus.txt TO:\comal\gr\windowus.txt
FILE:\wincalc.exe TO:\comal\modules\wincalc.exe
FILE:\wincalc.dll TO:\comal\dll\wincalc.dll
FILE:\sscreen.mod TO:\comal\modules\sscreen.mod
FILE:\menus.mod TO:\comal\modules\menus.mod
FILE:\capital.mod TO:\comal\modules\capital.mod
FILE:\font8x8.437 TO:\comal\modules\font8x8.437
FILE:\font8x16.437 TO:\comal\modules\font8x16.437
FILE:\font8x8.850 TO:\comal\modules\font8x8.850
FILE:\font8x16.850 TO:\comal\modules\font8x16.850
FILE:\font8x8.865 TO:\comal\modules\font8x8.865
FILE:\font8x16.865 TO:\comal\modules\font8x16.865
FILE:\puzzle.cml TO:\comal\windows\puzzle.cml
FILE:\numbers.puz TO:\comal\windows\numbers.puz
FILE:\unicomal.puz TO:\comal\windows\unicomal.puz
FILE:\windows.puz TO:\comal\windows\windows.puz
FILE:\win1.cml TO:\comal\windows\win1.cml
FILE:\win2.cml TO:\comal\windows\win2.cml
FILE:\win3.cml TO:\comal\windows\win3.cml
FILE:\win4.cml TO:\comal\windows\win4.cml
FILE:\win5.cml TO:\comal\windows\win5.cml
FILE:\win6.cml TO:\comal\windows\win6.cml
FILE:\win7.cml TO:\comal\windows\win7.cml
FILE:\win8.cml TO:\comal\windows\win8.cml
FILE:\mnu0.cml TO:\comal\windows\mnu0.cml
FILE:\mnu1.cml TO:\comal\windows\mnu1.cml
FILE:\mnu2.cml TO:\comal\windows\mnu2.cml
FILE:\mnu3.cml TO:\comal\windows\mnu3.cml
FILE:\mnu4.cml TO:\comal\windows\mnu4.cml
FILE:\mnu5.cml TO:\comal\windows\mnu5.cml
FILE:\mnu6.cml TO:\comal\windows\mnu6.cml
FILE:\mnu7.cml TO:\comal\windows\mnu7.cml
FILE:\mdf0.mnu TO:\comal\windows\mdf0.mnu
FILE:\mdf1.mnu TO:\comal\windows\mdf1.mnu
FILE:\mdf2.mnu TO:\comal\windows\mdf2.mnu
FILE:\mdf3.mnu TO:\comal\windows\mdf3.mnu
FILE:\mdf4.mnu TO:\comal\windows\mdf4.mnu
FILE:\mdf5.mnu TO:\comal\windows\mdf5.mnu
FILE:\mdf6.mnu TO:\comal\windows\mdf6.mnu
FILE:\mdf7.mnu TO:\comal\windows\mdf7.mnu
FILE:\mdf8.mnu TO:\comal\windows\mdf8.mnu
FILE:\mdf2data.cml TO:\comal\windows\mdf2data.cml
FILE:\menus.lst TO:\comal\windows\menus.lst
FILE:\template.mnu TO:\comal\windows\template.mnu
FILE:\genhlp.exe TO:\comal\genhlp.exe
FILE:\genhlpp.exe TO:\comal\genhlpp.exe
FILE:\unihlp.exe TO:\comal\modules\unihlp.exe
FILE:\unihlp.dll TO:\comal\dll\unihlp.dll
FILE:\help.hlp TO:\comal\us\help.hlp
DISK:DISK5
FILE:\relnotes.hlp TO:\comal\us\relnotes.hlp
FILE:\comalc.hlp TO:\comal\us\comalc.hlp
FILE:\system.hlp TO:\comal\us\system.hlp
FILE:\graphics.hlp TO:\comal\us\graphics.hlp
FILE:\sound.hlp TO:\comal\us\sound.hlp
FILE:\unimouse.hlp TO:\comal\us\unimouse.hlp
FILE:\unitimer.hlp TO:\comal\us\unitimer.hlp
FILE:\unidump.hlp TO:\comal\us\unidump.hlp
FILE:\windows.hlp TO:\comal\us\windows.hlp
FILE:\menus.hlp TO:\comal\us\menus.hlp
FILE:\unihlp.hlp TO:\comal\us\unihlp.hlp
FILE:\scom.hlp TO:\comal\us\scom.hlp
FILE:\comalp.exe TO:\comal\comalp.exe
DISK:DISK6
EDIT:c:\comal\comalp.exe
FILE:\comalp87.exe TO:\comal\comalp87.exe
EDIT:c:\comal\comalp87.exe
FILE:\comalcp.exe TO:\comal\comalcp.exe
EDIT:c:\comal\comalcp.exe
FILE:\comalp.run TO:\comal\comalp.run
FILE:\comalp87.run TO:\comal\comalp87.run
FILE:\comc.dll TO:\comal\dll\comc.dll
FILE:\comrun.dll TO:\comal\dll\comrun.dll
DISK:DISK7
FILE:\comrun87.dll TO:\comal\dll\comrun87.dll
FILE:\protectp.exe TO:\comal\protectp.exe
FILE:\loadc311.dll TO:\comal\dll\loadc311.dll
FILE:\genmsgp.exe TO:\comal\genmsgp.exe
FILE:\system.dll TO:\comal\dll\system.dll
FILE:\sound.dll TO:\comal\dll\sound.dll
FILE:\unimouse.dll TO:\comal\dll\unimouse.dll
FILE:\unitimer.dll TO:\comal\dll\unitimer.dll
FILE:\comalp.ico TO:\comal\comalp.ico
FILE:\comalp87.ico TO:\comal\comalp87.ico
FILE:\database.exe TO:\comal\btrvdemo\database.exe
FILE:\telephon.reg TO:\comal\btrvdemo\telephon.reg
FILE:\start.bat TO:\comal\btrvdemo\start.bat
FILE:\database.cml TO:\comal\btrvdemo\database.cml
FILE:\btrvdemo.rme TO:\comal\btrvdemo\btrvdemo.rme
FILE:\bco.bat TO:\comal\bco.bat
FILE:\bco87.bat TO:\comal\bco87.bat
FILE:\btcreate.cml TO:\comal\btrv\btcreate.cml
FILE:\btrvtest.cml TO:\comal\btrv\btrvtest.cml
FILE:\database.cml TO:\comal\btrv\database.cml
FILE:\example.cml TO:\comal\btrv\example.cml
FILE:\aircraft.reg TO:\comal\btrv\aircraft.reg
FILE:\telephon.reg TO:\comal\btrv\telephon.reg
FILE:\b.mod TO:\comal\modules\b.mod
FILE:\unibtrus.msg TO:\comal\modules\unibtrus.msg
FILE:\unibtrv.exe TO:\comal\modules\unibtrv.exe
FILE:\convert.exe TO:\comal\modules\convert.exe
FILE:\unibtrv.dll TO:\comal\dll\unibtrv.dll
FILE:\convert.dll TO:\comal\dll\convert.dll
FILE:\devc.rme TO:\comal\c\devc.rme
FILE:\makec.bat TO:\comal\c\makec.bat
FILE:\makeh.bat TO:\comal\c\makeh.bat
FILE:\makel.bat TO:\comal\c\makel.bat
FILE:\makem.bat TO:\comal\c\makem.bat
FILE:\makes.bat TO:\comal\c\makes.bat
FILE:\modc.obj TO:\comal\c\modc.obj
FILE:\mscrtdos.inc TO:\comal\c\mscrtdos.inc
FILE:\msc50dos.inc TO:\comal\c\msc50dos.inc
FILE:\sample.exe TO:\comal\c\sample.exe
DISK:DISK8
FILE:\stack.exe TO:\comal\c\stack.exe
FILE:\makec.cmd TO:\comal\c\makec.cmd
FILE:\makeh.cmd TO:\comal\c\makeh.cmd
FILE:\makel.cmd TO:\comal\c\makel.cmd
FILE:\makem.cmd TO:\comal\c\makem.cmd
FILE:\makes.cmd TO:\comal\c\makes.cmd
FILE:\modc.def TO:\comal\c\modc.def
FILE:\modcp.obj TO:\comal\c\modcp.obj
FILE:\mscrtos2.inc TO:\comal\c\mscrtos2.inc
FILE:\msc50os2.inc TO:\comal\c\msc50os2.inc
FILE:\sample.dll TO:\comal\dll\sample.dll
FILE:\stack.dll TO:\comal\dll\stack.dll
FILE:\makefile.c TO:\comal\c\makefile.
FILE:\modc.asm TO:\comal\c\modc.asm
FILE:\modc.inc TO:\comal\c\modc.inc
FILE:\comal.h TO:\comal\c\comal.h
FILE:\sample.c TO:\comal\c\sample.c
FILE:\sample.cml TO:\comal\c\sample.cml
FILE:\sampled.asm TO:\comal\c\sampled.asm
FILE:\sampled.inc TO:\comal\c\sampled.inc
FILE:\sampled.mod TO:\comal\c\sampled.mod
FILE:\samplei.asm TO:\comal\c\samplei.asm
FILE:\sampledk.msg TO:\comal\c\sampledk.msg
FILE:\sampledk.txt TO:\comal\c\sampledk.txt
FILE:\samplegr.msg TO:\comal\c\samplegr.msg
FILE:\samplegr.txt TO:\comal\c\samplegr.txt
FILE:\stack.c TO:\comal\c\stack.c
FILE:\stack.cml TO:\comal\c\stack.cml
FILE:\stackd.asm TO:\comal\c\stackd.asm
FILE:\stackd.inc TO:\comal\c\stackd.inc
FILE:\stackd.mod TO:\comal\c\stackd.mod
FILE:\stacki.asm TO:\comal\c\stacki.asm
FILE:\devasm.rme TO:\comal\asm\devasm.rme
FILE:\genml.exe TO:\comal\genml.exe
FILE:\fmsg.exe TO:\comal\asm\fmsg.exe
FILE:\makeml.bat TO:\comal\asm\makeml.bat
FILE:\modml.obj TO:\comal\asm\modml.obj
FILE:\sig1.exe TO:\comal\asm\sig1.exe
FILE:\sig2.exe TO:\comal\asm\sig2.exe
FILE:\sig1.exe TO:\comal\asm\sig1.exe
FILE:\sig2.exe TO:\comal\asm\sig2.exe
FILE:\templt.exe TO:\comal\asm\templt.exe
FILE:\test.exe TO:\comal\asm\test.exe
FILE:\genmlp.exe TO:\comal\genmlp.exe
FILE:\fmsg.dll TO:\comal\asm\fmsg.dll
FILE:\makeml.cmd TO:\comal\asm\makeml.cmd
FILE:\modml.def TO:\comal\asm\modml.def
FILE:\modmlp.obj TO:\comal\asm\modmlp.obj
FILE:\sig1.dll TO:\comal\dll\sig1.dll
FILE:\sig2.dll TO:\comal\dll\sig2.dll
FILE:\test.dll TO:\comal\dll\test.dll
FILE:\editor.sym TO:\comal\asm\editor.sym
FILE:\fmsg.asm TO:\comal\asm\fmsg.asm
FILE:\fmsg.lst TO:\comal\asm\fmsg.lst
FILE:\fmsgd.asm TO:\comal\asm\fmsgd.asm
FILE:\fmsgd.inc TO:\comal\asm\fmsgd.inc
FILE:\fmsgd.mod TO:\comal\asm\fmsgd.mod
FILE:\fmsgdk.msg TO:\comal\asm\fmsgdk.msg
FILE:\fmsgdk.txt TO:\comal\asm\fmsgdk.txt
FILE:\makefile.asm TO:\comal\asm\makefile.
FILE:\modml.asm TO:\comal\asm\modml.asm
FILE:\modml.inc TO:\comal\asm\modml.inc
FILE:\sig1.asm TO:\comal\asm\sig1.asm
FILE:\sig1d.asm TO:\comal\asm\sig1d.asm
FILE:\sig1d.inc TO:\comal\asm\sig1d.inc
FILE:\sig1d.mod TO:\comal\asm\sig1d.mod
FILE:\sig2.asm TO:\comal\asm\sig2.asm
FILE:\sig2d.asm TO:\comal\asm\sig2d.asm
FILE:\sig2d.inc TO:\comal\asm\sig2d.inc
FILE:\sig2d.mod TO:\comal\asm\sig2d.mod
FILE:\templt.asm TO:\comal\asm\templt.asm
FILE:\templtd.asm TO:\comal\asm\templtd.asm
FILE:\templtd.inc TO:\comal\asm\templtd.inc
FILE:\templtd.mod TO:\comal\asm\templtd.mod
FILE:\test.asm TO:\comal\asm\test.asm
FILE:\testd.asm TO:\comal\asm\testd.asm
FILE:\testd.inc TO:\comal\asm\testd.inc
FILE:\testd.mod TO:\comal\asm\testd.mod
FILE:\testml.lst TO:\comal\asm\testml.lst
FILE:\timer.asm TO:\comal\asm\timer.asm
FILE:\timer1.lst TO:\comal\asm\timer1.lst
FILE:\timerd.asm TO:\comal\asm\timerd.asm
FILE:\timerd.inc TO:\comal\asm\timerd.inc
FILE:\timerd.mod TO:\comal\asm\timerd.mod
FILE:\scom.exe TO:\comal\modules\scom.exe
FILE:\scomdk.txt TO:\comal\dk\scomdk.txt
FILE:\scomgr.txt TO:\comal\gr\scomgr.txt
FILE:\scomsv.txt TO:\comal\sv\scomsv.txt
FILE:\scomus.txt TO:\comal\us\scomus.txt
FILE:\scomdk.msg TO:\comal\modules\scomdk.msg
FILE:\scomgr.msg TO:\comal\modules\scomgr.msg
FILE:\scomsv.msg TO:\comal\modules\scomsv.msg
FILE:\scomus.msg TO:\comal\modules\scomus.msg
FILE:\com_demo.cml TO:\comal\scom\com_demo.cml
FILE:\com_demo.hlp TO:\comal\scom\com_demo.hlp
FILE:\example1.cml TO:\comal\scom\example1.cml
EDIT:z:\config.sys
EDIT:z:\autoexec.bat
